swap baseline 1280M
11:00:46 System-wide memory free percentage: 90% | total = 2048.00M  used = 1280.50M  free = 767.50M  (encrypted)
11:00:56 System-wide memory free percentage: 90% | total = 2048.00M  used = 1280.50M  free = 767.50M  (encrypted)
11:01:06 System-wide memory free percentage: 64% | total = 2048.00M  used = 1280.50M  free = 767.50M  (encrypted)
11:01:16 System-wide memory free percentage: 90% | total = 2048.00M  used = 1272.50M  free = 775.50M  (encrypted)
11:01:26 System-wide memory free percentage: 77% | total = 2048.00M  used = 1264.50M  free = 783.50M  (encrypted)
11:01:36 System-wide memory free percentage: 90% | total = 2048.00M  used = 1264.50M  free = 783.50M  (encrypted)
11:01:46 System-wide memory free percentage: 86% | total = 2048.00M  used = 1264.50M  free = 783.50M  (encrypted)
11:01:56 System-wide memory free percentage: 81% | total = 2048.00M  used = 1248.50M  free = 799.50M  (encrypted)
11:02:06 System-wide memory free percentage: 81% | total = 2048.00M  used = 1232.50M  free = 815.50M  (encrypted)
11:02:16 System-wide memory free percentage: 90% | total = 2048.00M  used = 1232.50M  free = 815.50M  (encrypted)
11:02:26 System-wide memory free percentage: 86% | total = 2048.00M  used = 1224.50M  free = 823.50M  (encrypted)
11:02:36 System-wide memory free percentage: 90% | total = 2048.00M  used = 1224.50M  free = 823.50M  (encrypted)
11:02:46 System-wide memory free percentage: 90% | total = 2048.00M  used = 1216.50M  free = 831.50M  (encrypted)
11:02:56 System-wide memory free percentage: 90% | total = 2048.00M  used = 1216.50M  free = 831.50M  (encrypted)
11:03:07 System-wide memory free percentage: 90% | total = 2048.00M  used = 1216.50M  free = 831.50M  (encrypted)
11:03:17 System-wide memory free percentage: 85% | total = 2048.00M  used = 1216.50M  free = 831.50M  (encrypted)
11:03:27 System-wide memory free percentage: 86% | total = 2048.00M  used = 1216.50M  free = 831.50M  (encrypted)
11:03:37 System-wide memory free percentage: 86% | total = 2048.00M  used = 1216.50M  free = 831.50M  (encrypted)
11:03:47 System-wide memory free percentage: 90% | total = 2048.00M  used = 1216.50M  free = 831.50M  (encrypted)
11:03:57 System-wide memory free percentage: 86% | total = 2048.00M  used = 1216.50M  free = 831.50M  (encrypted)
11:04:07 System-wide memory free percentage: 90% | total = 2048.00M  used = 1200.50M  free = 847.50M  (encrypted)
11:04:17 System-wide memory free percentage: 59% | total = 2048.00M  used = 1200.50M  free = 847.50M  (encrypted)
11:04:27 System-wide memory free percentage: 90% | total = 2048.00M  used = 1200.50M  free = 847.50M  (encrypted)
11:04:37 System-wide memory free percentage: 75% | total = 2048.00M  used = 1200.50M  free = 847.50M  (encrypted)
11:04:47 System-wide memory free percentage: 78% | total = 2048.00M  used = 1200.50M  free = 847.50M  (encrypted)
11:04:57 System-wide memory free percentage: 91% | total = 2048.00M  used = 1200.50M  free = 847.50M  (encrypted)
11:05:07 System-wide memory free percentage: 82% | total = 2048.00M  used = 1200.50M  free = 847.50M  (encrypted)
11:05:17 System-wide memory free percentage: 77% | total = 2048.00M  used = 1200.50M  free = 847.50M  (encrypted)
11:05:27 System-wide memory free percentage: 91% | total = 2048.00M  used = 1200.50M  free = 847.50M  (encrypted)
11:05:37 System-wide memory free percentage: 82% | total = 2048.00M  used = 1200.50M  free = 847.50M  (encrypted)
11:05:47 System-wide memory free percentage: 82% | total = 2048.00M  used = 1200.50M  free = 847.50M  (encrypted)
11:05:57 System-wide memory free percentage: 81% | total = 2048.00M  used = 1200.50M  free = 847.50M  (encrypted)
11:06:07 System-wide memory free percentage: 81% | total = 2048.00M  used = 1200.50M  free = 847.50M  (encrypted)
11:06:17 System-wide memory free percentage: 81% | total = 2048.00M  used = 1200.50M  free = 847.50M  (encrypted)
11:06:27 System-wide memory free percentage: 81% | total = 2048.00M  used = 1200.50M  free = 847.50M  (encrypted)
11:06:37 System-wide memory free percentage: 81% | total = 2048.00M  used = 1192.50M  free = 855.50M  (encrypted)
11:06:47 System-wide memory free percentage: 81% | total = 2048.00M  used = 1192.50M  free = 855.50M  (encrypted)
11:06:57 System-wide memory free percentage: 81% | total = 2048.00M  used = 1192.50M  free = 855.50M  (encrypted)
11:07:07 System-wide memory free percentage: 81% | total = 2048.00M  used = 1192.50M  free = 855.50M  (encrypted)
11:07:17 System-wide memory free percentage: 81% | total = 2048.00M  used = 1192.50M  free = 855.50M  (encrypted)
11:07:27 System-wide memory free percentage: 81% | total = 2048.00M  used = 1192.50M  free = 855.50M  (encrypted)
11:07:37 System-wide memory free percentage: 81% | total = 2048.00M  used = 1192.50M  free = 855.50M  (encrypted)
11:07:47 System-wide memory free percentage: 81% | total = 2048.00M  used = 1192.50M  free = 855.50M  (encrypted)
11:07:57 System-wide memory free percentage: 81% | total = 2048.00M  used = 1192.50M  free = 855.50M  (encrypted)
11:08:07 System-wide memory free percentage: 81% | total = 2048.00M  used = 1192.50M  free = 855.50M  (encrypted)
11:08:17 System-wide memory free percentage: 81% | total = 2048.00M  used = 1192.50M  free = 855.50M  (encrypted)
11:08:27 System-wide memory free percentage: 82% | total = 2048.00M  used = 1192.50M  free = 855.50M  (encrypted)
11:08:37 System-wide memory free percentage: 91% | total = 2048.00M  used = 1192.50M  free = 855.50M  (encrypted)
11:08:47 System-wide memory free percentage: 86% | total = 2048.00M  used = 1192.50M  free = 855.50M  (encrypted)
11:08:57 System-wide memory free percentage: 86% | total = 2048.00M  used = 1192.50M  free = 855.50M  (encrypted)
11:09:07 System-wide memory free percentage: 86% | total = 2048.00M  used = 1192.50M  free = 855.50M  (encrypted)
11:09:17 System-wide memory free percentage: 86% | total = 2048.00M  used = 1192.50M  free = 855.50M  (encrypted)
11:09:27 System-wide memory free percentage: 86% | total = 2048.00M  used = 1192.50M  free = 855.50M  (encrypted)
11:09:37 System-wide memory free percentage: 86% | total = 2048.00M  used = 1192.50M  free = 855.50M  (encrypted)
11:09:47 System-wide memory free percentage: 91% | total = 2048.00M  used = 1192.50M  free = 855.50M  (encrypted)
11:09:57 System-wide memory free percentage: 90% | total = 2048.00M  used = 1192.50M  free = 855.50M  (encrypted)
11:10:07 System-wide memory free percentage: 91% | total = 2048.00M  used = 1192.50M  free = 855.50M  (encrypted)
11:10:17 System-wide memory free percentage: 91% | total = 2048.00M  used = 1192.50M  free = 855.50M  (encrypted)
11:10:27 System-wide memory free percentage: 91% | total = 2048.00M  used = 1192.50M  free = 855.50M  (encrypted)
11:10:37 System-wide memory free percentage: 91% | total = 2048.00M  used = 1192.50M  free = 855.50M  (encrypted)
11:10:47 System-wide memory free percentage: 72% | total = 2048.00M  used = 1192.50M  free = 855.50M  (encrypted)
peak swap 1280.50M (baseline 1280M)
Apple M4 Pro
RAM 24 GB
ProductName:		macOS
ProductVersion:		26.6
BuildVersion:		25G72
